hello world !!
i do somthing changings!
